---
source: crates/k-rust/tests/definition_configuration.rs
description: "K definition:\n\nmodule MAIN\n  syntax Int ::= r\"[0-9]+\" [token]\n  configuration <top>\n    <entries multiplicity=\"*\" type=\"Map\"><key> 0 </key></entries>\n    <workers multiplicity=\"*\" type=\"Set\"><worker> 0 </worker></workers>\n    <queue multiplicity=\"*\" type=\"List\"><item> 0 </item></queue>\n  </top>\nendmodule\n"
---
[
    "production Int ::= r\"[0-9]+\" label=- [token=\"\"]",
    "syntax EntriesCellMap [cellCollection=\"\", hook=\"MAP.Map\"]",
    "syntax QueueCellList [cellCollection=\"\", hook=\"LIST.List\"]",
    "syntax WorkersCellSet [cellCollection=\"\", hook=\"SET.Set\"]",
    "production KeyCellOpt ::= KeyCell label=- []",
    "production EntriesCellMap ::= EntriesCell label=- []",
    "production WorkerCellOpt ::= WorkerCell label=- []",
    "production WorkersCellSet ::= WorkersCell label=- []",
    "production ItemCellOpt ::= ItemCell label=- []",
    "production QueueCellList ::= QueueCell label=- []",
    "production EntriesCellMap ::= \".EntriesCellMap\" label=.EntriesCellMap [function=\"\", hook=\"MAP.unit\"]",
    "production QueueCellList ::= \".QueueCellList\" label=.QueueCellList [function=\"\", hook=\"LIST.unit\"]",
    "production WorkersCellSet ::= \".WorkersCellSet\" label=.WorkersCellSet [function=\"\", hook=\"SET.unit\"]",
    "production EntriesCell ::= \"<entries>\" KeyCell \"</entries>\" label=<entries> [cell=\"\", cellName=\"entries\", format=\"%1%i%n%2%d%n%3\", multiplicity=\"*\", type=\"Map\"]",
    "production EntriesCellFragment ::= \"<entries>-fragment\" KeyCellOpt \"</entries>-fragment\" label=<entries>-fragment [cellFragment={\"name\":\"EntriesCell\",\"node\":\"KSort\",\"params\":[]}]",
    "production ItemCell ::= \"<item>\" Int \"</item>\" label=<item> [cell=\"\", cellName=\"item\", format=\"%1%i%n%2%d%n%3\"]",
    "production KeyCell ::= \"<key>\" Int \"</key>\" label=<key> [cell=\"\", cellName=\"key\", format=\"%1%i%n%2%d%n%3\"]",
    "production QueueCell ::= \"<queue>\" ItemCell \"</queue>\" label=<queue> [cell=\"\", cellName=\"queue\", format=\"%1%i%n%2%d%n%3\", multiplicity=\"*\", type=\"List\"]",
    "production QueueCellFragment ::= \"<queue>-fragment\" ItemCellOpt \"</queue>-fragment\" label=<queue>-fragment [cellFragment={\"name\":\"QueueCell\",\"node\":\"KSort\",\"params\":[]}]",
    "production TopCell ::= \"<top>\" EntriesCellMap WorkersCellSet QueueCellList \"</top>\" label=<top> [cell=\"\", cellName=\"top\", format=\"%1%i%n%2%n%3%n%4%d%n%5\"]",
    "production TopCellFragment ::= \"<top>-fragment\" EntriesCellMap WorkersCellSet QueueCellList \"</top>-fragment\" label=<top>-fragment [cellFragment={\"name\":\"TopCell\",\"node\":\"KSort\",\"params\":[]}]",
    "production WorkerCell ::= \"<worker>\" Int \"</worker>\" label=<worker> [cell=\"\", cellName=\"worker\", format=\"%1%i%n%2%d%n%3\"]",
    "production WorkersCell ::= \"<workers>\" WorkerCell \"</workers>\" label=<workers> [cell=\"\", cellName=\"workers\", format=\"%1%i%n%2%d%n%3\", multiplicity=\"*\", type=\"Set\"]",
    "production WorkersCellFragment ::= \"<workers>-fragment\" WorkerCellOpt \"</workers>-fragment\" label=<workers>-fragment [cellFragment={\"name\":\"WorkersCell\",\"node\":\"KSort\",\"params\":[]}]",
    "production Bool ::= KeyCell \"in_keys\" \"(\" EntriesCellMap \")\" label=EntriesCellMap:in_keys [function=\"\", hook=\"MAP.in_keys\", total=\"\"]",
    "production EntriesCellMap ::= \"EntriesCellMapItem\" \"(\" KeyCell \",\" EntriesCell \")\" label=EntriesCellMapItem [format=\"%5\", function=\"\", hook=\"MAP.element\"]",
    "production KeyCell ::= \"EntriesCellMapKey\" \"(\" EntriesCell \")\" label=EntriesCellMapKey [function=\"\", total=\"\"]",
    "production QueueCellList ::= \"QueueCellListItem\" \"(\" QueueCell \")\" label=QueueCellListItem [format=\"%3\", function=\"\", hook=\"LIST.element\"]",
    "production WorkersCellSet ::= \"WorkersCellSetItem\" \"(\" WorkersCell \")\" label=WorkersCellSetItem [format=\"%3\", function=\"\", hook=\"SET.element\"]",
    "production EntriesCellMap ::= EntriesCellMap EntriesCellMap label=_EntriesCellMap_ [assoc=\"\", avoid=\"\", cellCollection=\"\", comm=\"\", element=\"EntriesCellMapItem\", function=\"\", hook=\"MAP.concat\", unit=\".EntriesCellMap\", wrapElement=\"<entries>\"]",
    "production QueueCellList ::= QueueCellList QueueCellList label=_QueueCellList_ [assoc=\"\", avoid=\"\", cellCollection=\"\", element=\"QueueCellListItem\", function=\"\", hook=\"LIST.concat\", unit=\".QueueCellList\", wrapElement=\"<queue>\"]",
    "production WorkersCellSet ::= WorkersCellSet WorkersCellSet label=_WorkersCellSet_ [assoc=\"\", avoid=\"\", cellCollection=\"\", comm=\"\", element=\"WorkersCellSetItem\", function=\"\", hook=\"SET.concat\", idem=\"\", unit=\".WorkersCellSet\", wrapElement=\"<workers>\"]",
    "production EntriesCellMap ::= \"initEntriesCell\" label=initEntriesCell [function=\"\", initializer=\"\", total=\"\"]",
    "production ItemCell ::= \"initItemCell\" label=initItemCell [function=\"\", initializer=\"\", total=\"\"]",
    "production KeyCell ::= \"initKeyCell\" label=initKeyCell [function=\"\", initializer=\"\", total=\"\"]",
    "production QueueCellList ::= \"initQueueCell\" label=initQueueCell [function=\"\", initializer=\"\", total=\"\"]",
    "production TopCell ::= \"initTopCell\" label=initTopCell [function=\"\", initializer=\"\", total=\"\"]",
    "production WorkerCell ::= \"initWorkerCell\" label=initWorkerCell [function=\"\", initializer=\"\", total=\"\"]",
    "production WorkersCellSet ::= \"initWorkersCell\" label=initWorkersCell [function=\"\", initializer=\"\", total=\"\"]",
    "production ItemCellOpt ::= \"noItemCell\" label=noItemCell [cellOptAbsent={\"name\":\"ItemCell\",\"node\":\"KSort\",\"params\":[]}]",
    "production KeyCellOpt ::= \"noKeyCell\" label=noKeyCell [cellOptAbsent={\"name\":\"KeyCell\",\"node\":\"KSort\",\"params\":[]}]",
    "production WorkerCellOpt ::= \"noWorkerCell\" label=noWorkerCell [cellOptAbsent={\"name\":\"WorkerCell\",\"node\":\"KSort\",\"params\":[]}]",
    "rule `EntriesCellMapKey`(`<entries>`(#noDots(.KList),Key,#dots(.KList)))=>Key requires #token(\"true\",\"Bool\") ensures #token(\"true\",\"Bool\") []",
    "rule initEntriesCell(.KList)=>`<entries>`(#noDots(.KList),initKeyCell(.KList),#noDots(.KList)) requires #token(\"true\",\"Bool\") ensures #token(\"true\",\"Bool\") [initializer=\"\"]",
    "rule initItemCell(.KList)=>`<item>`(#noDots(.KList),#token(\"0\",\"Int\"),#noDots(.KList)) requires #token(\"true\",\"Bool\") ensures #token(\"true\",\"Bool\") [initializer=\"\"]",
    "rule initKeyCell(.KList)=>`<key>`(#noDots(.KList),#token(\"0\",\"Int\"),#noDots(.KList)) requires #token(\"true\",\"Bool\") ensures #token(\"true\",\"Bool\") [initializer=\"\"]",
    "rule initQueueCell(.KList)=>`<queue>`(#noDots(.KList),initItemCell(.KList),#noDots(.KList)) requires #token(\"true\",\"Bool\") ensures #token(\"true\",\"Bool\") [initializer=\"\"]",
    "rule initTopCell(.KList)=>`<top>`(#noDots(.KList),#cells(#cells(.KList),#cells(.KList),#cells(.KList)),#noDots(.KList)) requires #token(\"true\",\"Bool\") ensures #token(\"true\",\"Bool\") [initializer=\"\"]",
    "rule initWorkerCell(.KList)=>`<worker>`(#noDots(.KList),#token(\"0\",\"Int\"),#noDots(.KList)) requires #token(\"true\",\"Bool\") ensures #token(\"true\",\"Bool\") [initializer=\"\"]",
    "rule initWorkersCell(.KList)=>`<workers>`(#noDots(.KList),initWorkerCell(.KList),#noDots(.KList)) requires #token(\"true\",\"Bool\") ensures #token(\"true\",\"Bool\") [initializer=\"\"]",
]
