---
source: crates/k-rust/tests/definition_configuration.rs
description: "K definition:\n\nmodule MAIN\nsyntax Int ::= r\"[0-9]+\" [token]\nconfiguration <map multiplicity=\"*\" type=\"Map\"> .Bag </map>\nendmodule"
---
Invalid {
    module: "MAIN",
    source: Some(
        "configuration.k",
    ),
    location: Some(
        Location {
            start_line: 3,
            start_column: 1,
            end_line: 3,
            end_column: 60,
        },
    ),
    message: "map cell <map> expects at least one child cell as its key",
}
