---
source: crates/k-rust/tests/definition_configuration.rs
description: "K definition:\n\nmodule MAIN\nsyntax Int ::= r\"[0-9]+\" [token]\nconfiguration <missing/>\nendmodule"
---
Invalid {
    module: "MAIN",
    source: Some(
        "configuration.k",
    ),
    location: Some(
        Location {
            start_line: 3,
            start_column: 1,
            end_line: 3,
            end_column: 25,
        },
    ),
    message: "external cell <missing/> does not resolve to one initializer production",
}
