---
source: crates/k-rust/tests/inner_rules.rs
expression: rules
---
[
    SentenceSummary {
        kind: "rule",
        body: "`<top>`(#noDots(.KList),#cells(`<k>`(#noDots(.KList),#SemanticCastToK(X)=>#token(\"1\",\"Int\"),#dots(.KList)),`<counter>`(#noDots(.KList),#SemanticCastToInt(N)=>`_+__MAIN_Int_Int_Int`(#SemanticCastToInt(N),#token(\"1\",\"Int\")),#noDots(.KList))),#noDots(.KList))",
        requires: "#token(\"true\",\"Bool\")",
        ensures: Some(
            "#token(\"true\",\"Bool\")",
        ),
        label: None,
    },
    SentenceSummary {
        kind: "rule",
        body: "#withConfig(#SemanticCastToK(X)=>#token(\"1\",\"Int\"),`<counter>`(#noDots(.KList),#SemanticCastToInt(N),#noDots(.KList)))",
        requires: "#token(\"true\",\"Bool\")",
        ensures: Some(
            "#token(\"true\",\"Bool\")",
        ),
        label: None,
    },
]
