---
source: crates/k-rust/tests/inner_rules.rs
description: "K definition:\n\nmodule MAIN\n  syntax Int ::= r\"[0-9]+\" [token]\n  syntax Int ::= Int \"+\" Int [klabel(_+Int_)]\n  configuration <top><k> 0 </k><counter> 0 </counter></top>\n  rule <top>\n    <k> X => 1 ... </k>\n    <counter> N => N + 1 </counter>\n  </top>\n  rule [[ X => 1 ]] <counter> N </counter>\nendmodule\n"
---
[
    SentenceSummary {
        kind: "rule",
        body: "`<top>`(#noDots(.KList),#cells(`<k>`(#noDots(.KList),#SemanticCastToK(X)=>#token(\"1\",\"Int\"),#dots(.KList)),`<counter>`(#noDots(.KList),#SemanticCastToInt(N)=>`_+__MAIN_Int_Int_Int`(#SemanticCastToInt(N),#token(\"1\",\"Int\")),#noDots(.KList))),#noDots(.KList))",
        requires: "#token(\"true\",\"Bool\")",
        ensures: Some(
            "#token(\"true\",\"Bool\")",
        ),
        label: None,
    },
    SentenceSummary {
        kind: "rule",
        body: "#withConfig(#SemanticCastToK(X)=>#token(\"1\",\"Int\"),`<counter>`(#noDots(.KList),#SemanticCastToInt(N),#noDots(.KList)))",
        requires: "#token(\"true\",\"Bool\")",
        ensures: Some(
            "#token(\"true\",\"Bool\")",
        ),
        label: None,
    },
]
