---
source: crates/k-rust/tests/inner_rules.rs
expression: sentences
---
[
    SentenceSummary {
        kind: "rule",
        body: "pair(#SemanticCastToA(_),#SemanticCastToB(_))=>pair(#SemanticCastToA(_),#SemanticCastToB(_))",
        requires: "#token(\"true\",\"Bool\")",
        ensures: Some(
            "#token(\"true\",\"Bool\")",
        ),
        label: None,
    },
]
