---
source: crates/k-rust/tests/inner_rules.rs
description: "K definition:\n\nmodule MAIN\n  syntax First ::= \"first\" [symbol(unit)]\n  syntax Second ::= \"second\" [symbol(unit)]\n  syntax General ::= First\n                   | Second\n                   | \"general\" [symbol(unit)]\n  rule general => general\nendmodule\n"
---
Parse(
    RuleParseError {
        module: "MAIN",
        sentence_type: "rule",
        source: Some(
            "rules.k",
        ),
        location: Some(
            Location {
                start_line: 7,
                start_column: 3,
                end_line: 7,
                end_column: 26,
            },
        ),
        error: OverloadedTerminator {
            possible_sorts: [
                Sort {
                    name: "First",
                    parameters: [],
                },
                Sort {
                    name: "Second",
                    parameters: [],
                },
            ],
        },
    },
)
