---
source: crates/k-rust/tests/inner_rules.rs
description: "K definition:\n\nmodule MAIN\n  syntax Int ::= r\"[0-9]+\" [token]\n  syntax Box ::= \"box\" \"(\" value: Int \")\" [symbol(box)]\n  syntax Pair ::= \"pair\" \"(\" Int \",\" Int \")\" [symbol(pair)]\n  rule box(... value: 1) => box(...)\n  rule `box`(2) => box(... value: 2)\n  rule pair(...) => pair(...)\nendmodule\n"
---
[
    SentenceSummary {
        kind: "rule",
        body: "box(#token(\"1\",\"Int\"))=>box(#SemanticCastToInt(_value0))",
        requires: "#token(\"true\",\"Bool\")",
        ensures: Some(
            "#token(\"true\",\"Bool\")",
        ),
        label: None,
    },
    SentenceSummary {
        kind: "rule",
        body: "box(#token(\"2\",\"Int\"))=>box(#token(\"2\",\"Int\"))",
        requires: "#token(\"true\",\"Bool\")",
        ensures: Some(
            "#token(\"true\",\"Bool\")",
        ),
        label: None,
    },
    SentenceSummary {
        kind: "rule",
        body: "pair(#SemanticCastToInt(_Gen0),#SemanticCastToInt(_Gen1))=>pair(#SemanticCastToInt(_Gen2),#SemanticCastToInt(_Gen3))",
        requires: "#token(\"true\",\"Bool\")",
        ensures: Some(
            "#token(\"true\",\"Bool\")",
        ),
        label: None,
    },
]
