---
source: crates/k-rust/tests/inner_rules.rs
description: "K definition:\n\nmodule MAIN\n  syntax Id ::= r\"[a-z]\" [token]\n  syntax Exp ::= Id\n  syntax Exp ::= \"zero\" [symbol(zero)]\n  syntax Exp ::= Exp \"+\" Exp [symbol(_+_)]\n  syntax Exp ::= \"tri\" Exp Exp Exp [symbol(tri)]\n  rule `_+_`(`_+_`(a, b), c) => zero(.KList)\n  rule tri(a, b, c) => tri a b c\nendmodule\n"
---
[
    SentenceSummary {
        kind: "rule",
        body: "`_+_`(`_+_`(#token(\"a\",\"Id\"),#token(\"b\",\"Id\")),#token(\"c\",\"Id\"))=>zero(.KList)",
        requires: "#token(\"true\",\"Bool\")",
        ensures: Some(
            "#token(\"true\",\"Bool\")",
        ),
        label: None,
    },
    SentenceSummary {
        kind: "rule",
        body: "tri(#token(\"a\",\"Id\"),#token(\"b\",\"Id\"),#token(\"c\",\"Id\"))=>tri(#token(\"a\",\"Id\"),#token(\"b\",\"Id\"),#token(\"c\",\"Id\"))",
        requires: "#token(\"true\",\"Bool\")",
        ensures: Some(
            "#token(\"true\",\"Bool\")",
        ),
        label: None,
    },
]
