---
source: crates/k-rust/tests/inner_rules.rs
description: "K definition:\n\nmodule MAIN\n  syntax Id ::= r\"[a-z]\" [token]\n  syntax LeftExp ::= Id\n  syntax LeftExp ::= left: LeftExp \"+\" LeftExp [symbol(leftPlus)]\n  syntax RightExp ::= Id\n  syntax RightExp ::= right: RightExp \"^\" RightExp [symbol(rightPow)]\n  rule a + b + c => a + b + c\n  rule a ^ b ^ c => a ^ b ^ c\nendmodule\n"
---
[
    SentenceSummary {
        kind: "rule",
        body: "leftPlus(leftPlus(#token(\"a\",\"Id\"),#token(\"b\",\"Id\")),#token(\"c\",\"Id\"))=>leftPlus(leftPlus(#token(\"a\",\"Id\"),#token(\"b\",\"Id\")),#token(\"c\",\"Id\"))",
        requires: "#token(\"true\",\"Bool\")",
        ensures: Some(
            "#token(\"true\",\"Bool\")",
        ),
        label: None,
    },
    SentenceSummary {
        kind: "rule",
        body: "rightPow(#token(\"a\",\"Id\"),rightPow(#token(\"b\",\"Id\"),#token(\"c\",\"Id\")))=>rightPow(#token(\"a\",\"Id\"),rightPow(#token(\"b\",\"Id\"),#token(\"c\",\"Id\")))",
        requires: "#token(\"true\",\"Bool\")",
        ensures: Some(
            "#token(\"true\",\"Bool\")",
        ),
        label: None,
    },
]
