---
source: crates/k-rust/tests/inner_rules.rs
description: "K definition:\n\nmodule MAIN\n  syntax Int ::= r\"[0-9]+\" [token]\n  syntax Exp ::= Int\n  syntax Exp ::= Exp \"+\" Exp [klabel(_+_)]\n  syntax Bool ::= Exp \"==\" Exp [klabel(_==_)]\n\n  rule [plus-zero]: X:Exp + 0 => X:Exp requires X == 0 ensures false\n  claim X:Exp + 0 => X:Exp ensures X == 0\n  context HOLE + 0 requires true\n  context alias [simplify-zero]: X + 0 => X requires true\nendmodule\n"
---
[
    SentenceSummary {
        kind: "rule",
        body: "`_+__MAIN_Exp_Exp_Exp`(#SemanticCastToExp(X),#token(\"0\",\"Int\"))=>#SemanticCastToExp(X)",
        requires: "`_==__MAIN_Bool_Exp_Exp`(#SemanticCastToExp(X),#token(\"0\",\"Int\"))",
        ensures: Some(
            "#token(\"false\",\"Bool\")",
        ),
        label: Some(
            "MAIN.plus-zero",
        ),
    },
    SentenceSummary {
        kind: "claim",
        body: "`_+__MAIN_Exp_Exp_Exp`(#SemanticCastToExp(X),#token(\"0\",\"Int\"))=>#SemanticCastToExp(X)",
        requires: "#token(\"true\",\"Bool\")",
        ensures: Some(
            "`_==__MAIN_Bool_Exp_Exp`(#SemanticCastToExp(X),#token(\"0\",\"Int\"))",
        ),
        label: None,
    },
    SentenceSummary {
        kind: "context",
        body: "`_+__MAIN_Exp_Exp_Exp`(#SemanticCastToExp(HOLE),#token(\"0\",\"Int\"))",
        requires: "#token(\"true\",\"Bool\")",
        ensures: None,
        label: None,
    },
    SentenceSummary {
        kind: "alias",
        body: "`_+__MAIN_Exp_Exp_Exp`(#SemanticCastToExp(X),#token(\"0\",\"Int\"))=>#SemanticCastToExp(X)",
        requires: "#token(\"true\",\"Bool\")",
        ensures: None,
        label: Some(
            "simplify-zero",
        ),
    },
]
