---
source: crates/k-rust/tests/inner_rules.rs
description: "K definition:\n\nmodule CUSTOM-LAYOUT\n  syntax #Layout ::= r\"(~+)\" | r\"([ \\n\\r\\t])\"\nendmodule\n\nmodule MAIN\n  imports CUSTOM-LAYOUT\n  syntax Exp ::= \"x\" [klabel(x)]\n  rule ~~ x ~~~ => x\nendmodule\n"
---
[
    SentenceSummary {
        kind: "rule",
        body: "`x_MAIN_Exp`(.KList)=>`x_MAIN_Exp`(.KList)",
        requires: "#token(\"true\",\"Bool\")",
        ensures: Some(
            "#token(\"true\",\"Bool\")",
        ),
        label: None,
    },
]
