---
source: crates/k-rust/tests/kompile_passes.rs
description: "K definition:\n\nmodule MAIN\n  syntax Int ::= r\"[0-9]+\" [token]\n  syntax Pair ::= pair(left: Int, right: Int) [symbol(pair)]\nendmodule\n"
---
[
    (
        "production",
        "project:Bool",
        false,
        true,
    ),
    (
        "rule",
        "`project:Bool`(K)=>K",
        false,
        true,
    ),
    (
        "production",
        "project:Int",
        false,
        true,
    ),
    (
        "rule",
        "`project:Int`(K)=>K",
        false,
        true,
    ),
    (
        "production",
        "project:K",
        false,
        true,
    ),
    (
        "rule",
        "`project:K`(K)=>K",
        false,
        true,
    ),
    (
        "production",
        "project:Pair",
        false,
        true,
    ),
    (
        "rule",
        "`project:Pair`(K)=>K",
        false,
        true,
    ),
    (
        "production",
        "project:pair:left",
        true,
        false,
    ),
    (
        "rule",
        "`project:pair:left`(pair(K0,K1))=>K0",
        false,
        false,
    ),
    (
        "production",
        "project:pair:right",
        true,
        false,
    ),
    (
        "rule",
        "`project:pair:right`(pair(K0,K1))=>K1",
        false,
        false,
    ),
]
