---
source: crates/k-rust/tests/kompile_passes.rs
description: "K definition:\n\nmodule MAIN\n  syntax Exp ::= \"a\" [symbol(a)]\n               | \"f(\" Exp \")\" [symbol(f)]\n  context f(HOLE)\nendmodule\n"
---
[
    (
        "freezer",
        "#freezerf0_",
        None,
    ),
    (
        "heat",
        "f(#SemanticCastToExp(HOLE))=>HOLE~>`#freezerf0_`(.KList)",
        None,
    ),
    (
        "cool",
        "HOLE~>`#freezerf0_`(.KList)=>f(#SemanticCastToExp(HOLE))",
        None,
    ),
]
