---
source: crates/k-rust/tests/measure_ratchet.rs
description: casted rule chain parser counters
---
kompile.sentence_equivalence_checks = 6
kompile.production_catalogs_built = 3
kompile.partial_orders_built = 16
kompile.production_identity_digests = 24
parser.completed_nodes_invalidated = 141
parser.parse_attempts = 1
parser.prediction_analysis_builds = 1
parser.chart_prediction_attempts = 290
parser.terminal_predictions_skipped = 357
parser.nonterminal_predictions_skipped = 20
parser.chart_completion_candidates = 1553
parser.packed_structural_comparisons = 4732
parser.unpacked_nodes = 47
parser.packed_priority_computations = 1474
parser.chart_add_calls = 3598
parser.chart_state_changes = 2990
parser.chart_agenda_pops = 2990
parser.chart_revisit_pops = 148
parser.chart_derivations_read = 3900
parser.completed_nodes_hits = 211
parser.completed_nodes_misses = 174
parser.grammar_builds = 2
parser.scanner_winner_computations = 49
parser.portable_inferences = 1
