---
source: crates/k-rust/tests/measure_ratchet.rs
description: kompile of the 10-module chain
---
kompile.resolve_calls = 7
kompile.resolve_updates = 39
kompile.resolve_update_sentence_visits = 63715
kompile.rule_bubbles_parsed = 257
kompile.sentences_transformed = 3414
kompile.sentence_equivalence_checks = 698032
kompile.production_catalogs_built = 701
kompile.partial_orders_built = 1635
kompile.injections_inserted = 448
kompile.owise_competitor_scans = 17765
provenance.link_dedup_probes = 300393
provenance.receipt_renders = 23
kompile.sentence_copies = 57200
kompile.production_identity_digests = 72522
parser.parse_attempts = 261
parser.prediction_analysis_builds = 38
parser.chart_prediction_attempts = 170472
parser.terminal_predictions_skipped = 499445
parser.nonterminal_predictions_skipped = 34765
parser.chart_completion_candidates = 40363
parser.packed_structural_comparisons = 194573
parser.unpacked_nodes = 3745
parser.packed_application_resolutions = 90
parser.packed_priority_computations = 14967
parser.chart_add_calls = 676285
parser.chart_state_changes = 531829
parser.chart_agenda_pops = 531829
parser.chart_revisit_pops = 31550
parser.chart_derivations_read = 531945
parser.completed_nodes_hits = 154720
parser.completed_nodes_misses = 20544
parser.z3_checks = 304
parser.grammar_builds = 39
parser.scanner_winner_computations = 8360
parser.portable_inferences = 237
parser.z3_encoding_builds = 9
