---
source: crates/k-rust/tests/module_to_kore.rs
description: "K definition:\n\nmodule MAIN\n  syntax Int ::= r\"[0-9]+\" [token]\n  syntax Number ::= Int\n  syntax Value ::= Number\n  syntax K ::= Value\n\n  syntax Int ::= \"narrow(\" Int \")\" [overload(project), symbol(narrow)]\n  syntax Number ::= \"wide(\" Number \")\" [overload(project), symbol(wide)]\n  syntax Value ::= \"widest(\" Value \")\" [overload(project), symbol(widest)]\n\n  syntax Value ::= \"asInt(\" Int \")\" [overload(view), symbol(asInt)]\n  syntax Value ::= \"asNumber(\" Number \")\" [overload(view), symbol(asNumber)]\n\n  syntax Int ::= \"fromInt(\" Int \")\" [overload(promote), symbol(fromInt)]\n  syntax Number ::= \"fromNumber(\" Int \")\" [overload(promote), symbol(fromNumber)]\nendmodule\n"
---
// semantics
module MAIN
  import K []
  sort SortInt{} [hasDomainValues{}()]
  sort SortNumber{} []
  sort SortValue{} []
  symbol LblasInt{}(SortInt{}) : SortValue{}
  [
    constructor{}(),
    functional{}(),
    injective{}(),
    org'Stop'kframework'Stop'attributes'Stop'Location{}("Location(11,20,11,68)"),
    org'Stop'kframework'Stop'attributes'Stop'Source{}("Source(declarations.k)"),
    symbol'Kywd'{}("asInt")
  ]
  symbol LblasNumber{}(SortNumber{}) : SortValue{}
  [
    anywhere{}(),
    functional{}(),
    injective{}(),
    org'Stop'kframework'Stop'attributes'Stop'Location{}("Location(12,20,12,77)"),
    org'Stop'kframework'Stop'attributes'Stop'Source{}("Source(declarations.k)"),
    symbol'Kywd'{}("asNumber")
  ]
  symbol LblfromInt{}(SortInt{}) : SortInt{}
  [
    constructor{}(),
    functional{}(),
    injective{}(),
    org'Stop'kframework'Stop'attributes'Stop'Location{}("Location(14,18,14,73)"),
    org'Stop'kframework'Stop'attributes'Stop'Source{}("Source(declarations.k)"),
    symbol'Kywd'{}("fromInt")
  ]
  symbol LblfromNumber{}(SortInt{}) : SortNumber{}
  [
    anywhere{}(),
    functional{}(),
    injective{}(),
    org'Stop'kframework'Stop'attributes'Stop'Location{}("Location(15,21,15,82)"),
    org'Stop'kframework'Stop'attributes'Stop'Source{}("Source(declarations.k)"),
    symbol'Kywd'{}("fromNumber")
  ]
  symbol Lblnarrow{}(SortInt{}) : SortInt{}
  [
    constructor{}(),
    functional{}(),
    injective{}(),
    org'Stop'kframework'Stop'attributes'Stop'Location{}("Location(7,18,7,71)"),
    org'Stop'kframework'Stop'attributes'Stop'Source{}("Source(declarations.k)"),
    symbol'Kywd'{}("narrow")
  ]
  symbol Lblwide{}(SortNumber{}) : SortNumber{}
  [
    anywhere{}(),
    functional{}(),
    injective{}(),
    org'Stop'kframework'Stop'attributes'Stop'Location{}("Location(8,21,8,73)"),
    org'Stop'kframework'Stop'attributes'Stop'Source{}("Source(declarations.k)"),
    symbol'Kywd'{}("wide")
  ]
  symbol Lblwidest{}(SortValue{}) : SortValue{}
  [
    anywhere{}(),
    functional{}(),
    injective{}(),
    org'Stop'kframework'Stop'attributes'Stop'Location{}("Location(9,20,9,75)"),
    org'Stop'kframework'Stop'attributes'Stop'Source{}("Source(declarations.k)"),
    symbol'Kywd'{}("widest")
  ]
  axiom{R}
    \exists{R}(
      Val:SortNumber{},
      \equals{SortNumber{}, R}(Val:SortNumber{}, inj{SortInt{}, SortNumber{}}(From:SortInt{}))
    )
    [subsort{SortInt{}, SortNumber{}}()]
  axiom{R}
    \exists{R}(
      Val:SortValue{},
      \equals{SortValue{}, R}(Val:SortValue{}, inj{SortNumber{}, SortValue{}}(From:SortNumber{}))
    )
    [subsort{SortNumber{}, SortValue{}}()]
  axiom{R}
    \exists{R}(Val:SortValue{}, \equals{SortValue{}, R}(Val:SortValue{}, LblasInt{}(K0:SortInt{})))
    [functional{}()]
  axiom{}
    \implies{SortValue{}}(
      \and{SortValue{}}(LblasInt{}(X0:SortInt{}), LblasInt{}(Y0:SortInt{})),
      LblasInt{}(\and{SortInt{}}(X0:SortInt{}, Y0:SortInt{}))
    )
    [constructor{}()]
  axiom{}
    \not{SortValue{}}(\and{SortValue{}}(LblasInt{}(X0:SortInt{}), LblasNumber{}(Y0:SortNumber{})))
    [constructor{}()]
  axiom{}
    \not{SortValue{}}(\and{SortValue{}}(LblasInt{}(X0:SortInt{}), Lblwidest{}(Y0:SortValue{})))
    [constructor{}()]
  axiom{R}
    \exists{R}(
      Val:SortValue{},
      \equals{SortValue{}, R}(Val:SortValue{}, LblasNumber{}(K0:SortNumber{}))
    )
    [functional{}()]
  axiom{}
    \implies{SortValue{}}(
      \and{SortValue{}}(LblasNumber{}(X0:SortNumber{}), LblasNumber{}(Y0:SortNumber{})),
      LblasNumber{}(\and{SortNumber{}}(X0:SortNumber{}, Y0:SortNumber{}))
    )
    [constructor{}()]
  axiom{}
    \not{SortValue{}}(
      \and{SortValue{}}(LblasNumber{}(X0:SortNumber{}), Lblwidest{}(Y0:SortValue{}))
    )
    [constructor{}()]
  axiom{R}
    \exists{R}(Val:SortInt{}, \equals{SortInt{}, R}(Val:SortInt{}, LblfromInt{}(K0:SortInt{})))
    [functional{}()]
  axiom{}
    \implies{SortInt{}}(
      \and{SortInt{}}(LblfromInt{}(X0:SortInt{}), LblfromInt{}(Y0:SortInt{})),
      LblfromInt{}(\and{SortInt{}}(X0:SortInt{}, Y0:SortInt{}))
    )
    [constructor{}()]
  axiom{}
    \not{SortInt{}}(\and{SortInt{}}(LblfromInt{}(X0:SortInt{}), Lblnarrow{}(Y0:SortInt{})))
    [constructor{}()]
  axiom{R}
    \exists{R}(
      Val:SortNumber{},
      \equals{SortNumber{}, R}(Val:SortNumber{}, LblfromNumber{}(K0:SortInt{}))
    )
    [functional{}()]
  axiom{}
    \implies{SortNumber{}}(
      \and{SortNumber{}}(LblfromNumber{}(X0:SortInt{}), LblfromNumber{}(Y0:SortInt{})),
      LblfromNumber{}(\and{SortInt{}}(X0:SortInt{}, Y0:SortInt{}))
    )
    [constructor{}()]
  axiom{}
    \not{SortNumber{}}(
      \and{SortNumber{}}(LblfromNumber{}(X0:SortInt{}), Lblwide{}(Y0:SortNumber{}))
    )
    [constructor{}()]
  axiom{R}
    \exists{R}(Val:SortInt{}, \equals{SortInt{}, R}(Val:SortInt{}, Lblnarrow{}(K0:SortInt{})))
    [functional{}()]
  axiom{}
    \implies{SortInt{}}(
      \and{SortInt{}}(Lblnarrow{}(X0:SortInt{}), Lblnarrow{}(Y0:SortInt{})),
      Lblnarrow{}(\and{SortInt{}}(X0:SortInt{}, Y0:SortInt{}))
    )
    [constructor{}()]
  axiom{R}
    \exists{R}(
      Val:SortNumber{},
      \equals{SortNumber{}, R}(Val:SortNumber{}, Lblwide{}(K0:SortNumber{}))
    )
    [functional{}()]
  axiom{}
    \implies{SortNumber{}}(
      \and{SortNumber{}}(Lblwide{}(X0:SortNumber{}), Lblwide{}(Y0:SortNumber{})),
      Lblwide{}(\and{SortNumber{}}(X0:SortNumber{}, Y0:SortNumber{}))
    )
    [constructor{}()]
  axiom{R}
    \exists{R}(
      Val:SortValue{},
      \equals{SortValue{}, R}(Val:SortValue{}, Lblwidest{}(K0:SortValue{}))
    )
    [functional{}()]
  axiom{}
    \implies{SortValue{}}(
      \and{SortValue{}}(Lblwidest{}(X0:SortValue{}), Lblwidest{}(Y0:SortValue{})),
      Lblwidest{}(\and{SortValue{}}(X0:SortValue{}, Y0:SortValue{}))
    )
    [constructor{}()]
  axiom{}
    \or{SortInt{}}(
      \top{SortInt{}}(),
      \exists{SortInt{}}(X0:SortInt{}, LblfromInt{}(X0:SortInt{})),
      \exists{SortInt{}}(X0:SortInt{}, Lblnarrow{}(X0:SortInt{})),
      \bottom{SortInt{}}()
    )
    [constructor{}()]
  axiom{}
    \or{SortNumber{}}(
      \exists{SortNumber{}}(X0:SortInt{}, LblfromNumber{}(X0:SortInt{})),
      \exists{SortNumber{}}(X0:SortNumber{}, Lblwide{}(X0:SortNumber{})),
      \exists{SortNumber{}}(Val:SortInt{}, inj{SortInt{}, SortNumber{}}(Val:SortInt{})),
      \bottom{SortNumber{}}()
    )
    [constructor{}()]
  axiom{}
    \or{SortValue{}}(
      \exists{SortValue{}}(X0:SortInt{}, LblasInt{}(X0:SortInt{})),
      \exists{SortValue{}}(X0:SortNumber{}, LblasNumber{}(X0:SortNumber{})),
      \exists{SortValue{}}(X0:SortValue{}, Lblwidest{}(X0:SortValue{})),
      \exists{SortValue{}}(Val:SortInt{}, inj{SortInt{}, SortValue{}}(Val:SortInt{})),
      \exists{SortValue{}}(Val:SortNumber{}, inj{SortNumber{}, SortValue{}}(Val:SortNumber{})),
      \bottom{SortValue{}}()
    )
    [constructor{}()]
  axiom{R}
    \equals{SortValue{}, R}(
      LblasNumber{}(inj{SortInt{}, SortNumber{}}(K0:SortInt{})),
      LblasInt{}(K0:SortInt{})
    )
    [symbol-overload{}(LblasNumber{}(), LblasInt{}())]
  axiom{R}
    \equals{SortNumber{}, R}(
      LblfromNumber{}(K0:SortInt{}),
      inj{SortInt{}, SortNumber{}}(LblfromInt{}(K0:SortInt{}))
    )
    [symbol-overload{}(LblfromNumber{}(), LblfromInt{}())]
  axiom{R}
    \equals{SortNumber{}, R}(
      Lblwide{}(inj{SortInt{}, SortNumber{}}(K0:SortInt{})),
      inj{SortInt{}, SortNumber{}}(Lblnarrow{}(K0:SortInt{}))
    )
    [symbol-overload{}(Lblwide{}(), Lblnarrow{}())]
  axiom{R}
    \equals{SortValue{}, R}(
      Lblwidest{}(inj{SortInt{}, SortValue{}}(K0:SortInt{})),
      inj{SortInt{}, SortValue{}}(Lblnarrow{}(K0:SortInt{}))
    )
    [symbol-overload{}(Lblwidest{}(), Lblnarrow{}())]
  axiom{R}
    \equals{SortValue{}, R}(
      Lblwidest{}(inj{SortNumber{}, SortValue{}}(K0:SortNumber{})),
      inj{SortNumber{}, SortValue{}}(Lblwide{}(K0:SortNumber{}))
    )
    [symbol-overload{}(Lblwidest{}(), Lblwide{}())]
endmodule [
  org'Stop'kframework'Stop'attributes'Stop'Location{}("Location(1,1,16,10)"),
  org'Stop'kframework'Stop'attributes'Stop'Source{}("Source(declarations.k)")
]

// syntax
module MAIN
  import K []
  sort SortInt{} [hasDomainValues{}()]
  sort SortNumber{} []
  sort SortValue{} []
  symbol LblasInt{}(SortInt{}) : SortValue{}
  [
    constructor{}(),
    format{}(),
    functional{}(),
    injective{}(),
    left{}(),
    org'Stop'kframework'Stop'attributes'Stop'Location{}("Location(11,20,11,68)"),
    org'Stop'kframework'Stop'attributes'Stop'Source{}("Source(declarations.k)"),
    priorities{}(),
    right{}(),
    symbol'Kywd'{}("asInt"),
    terminals{}("101")
  ]
  symbol LblasNumber{}(SortNumber{}) : SortValue{}
  [
    anywhere{}(),
    format{}(),
    functional{}(),
    injective{}(),
    left{}(),
    org'Stop'kframework'Stop'attributes'Stop'Location{}("Location(12,20,12,77)"),
    org'Stop'kframework'Stop'attributes'Stop'Source{}("Source(declarations.k)"),
    priorities{}(),
    right{}(),
    symbol'Kywd'{}("asNumber"),
    terminals{}("101")
  ]
  symbol LblfromInt{}(SortInt{}) : SortInt{}
  [
    constructor{}(),
    format{}(),
    functional{}(),
    injective{}(),
    left{}(),
    org'Stop'kframework'Stop'attributes'Stop'Location{}("Location(14,18,14,73)"),
    org'Stop'kframework'Stop'attributes'Stop'Source{}("Source(declarations.k)"),
    priorities{}(),
    right{}(),
    symbol'Kywd'{}("fromInt"),
    terminals{}("101")
  ]
  symbol LblfromNumber{}(SortInt{}) : SortNumber{}
  [
    anywhere{}(),
    format{}(),
    functional{}(),
    injective{}(),
    left{}(),
    org'Stop'kframework'Stop'attributes'Stop'Location{}("Location(15,21,15,82)"),
    org'Stop'kframework'Stop'attributes'Stop'Source{}("Source(declarations.k)"),
    priorities{}(),
    right{}(),
    symbol'Kywd'{}("fromNumber"),
    terminals{}("101")
  ]
  symbol Lblnarrow{}(SortInt{}) : SortInt{}
  [
    constructor{}(),
    format{}(),
    functional{}(),
    injective{}(),
    left{}(),
    org'Stop'kframework'Stop'attributes'Stop'Location{}("Location(7,18,7,71)"),
    org'Stop'kframework'Stop'attributes'Stop'Source{}("Source(declarations.k)"),
    priorities{}(),
    right{}(),
    symbol'Kywd'{}("narrow"),
    terminals{}("101")
  ]
  symbol Lblwide{}(SortNumber{}) : SortNumber{}
  [
    anywhere{}(),
    format{}(),
    functional{}(),
    injective{}(),
    left{}(),
    org'Stop'kframework'Stop'attributes'Stop'Location{}("Location(8,21,8,73)"),
    org'Stop'kframework'Stop'attributes'Stop'Source{}("Source(declarations.k)"),
    priorities{}(),
    right{}(),
    symbol'Kywd'{}("wide"),
    terminals{}("101")
  ]
  symbol Lblwidest{}(SortValue{}) : SortValue{}
  [
    anywhere{}(),
    format{}(),
    functional{}(),
    injective{}(),
    left{}(),
    org'Stop'kframework'Stop'attributes'Stop'Location{}("Location(9,20,9,75)"),
    org'Stop'kframework'Stop'attributes'Stop'Source{}("Source(declarations.k)"),
    priorities{}(),
    right{}(),
    symbol'Kywd'{}("widest"),
    terminals{}("101")
  ]
  axiom{R}
    \exists{R}(
      Val:SortNumber{},
      \equals{SortNumber{}, R}(Val:SortNumber{}, inj{SortInt{}, SortNumber{}}(From:SortInt{}))
    )
    [subsort{SortInt{}, SortNumber{}}()]
  axiom{R}
    \exists{R}(
      Val:SortValue{},
      \equals{SortValue{}, R}(Val:SortValue{}, inj{SortNumber{}, SortValue{}}(From:SortNumber{}))
    )
    [subsort{SortNumber{}, SortValue{}}()]
  axiom{R}
    \equals{SortValue{}, R}(
      LblasNumber{}(inj{SortInt{}, SortNumber{}}(K0:SortInt{})),
      LblasInt{}(K0:SortInt{})
    )
    [symbol-overload{}(LblasNumber{}(), LblasInt{}())]
  axiom{R}
    \equals{SortNumber{}, R}(
      LblfromNumber{}(K0:SortInt{}),
      inj{SortInt{}, SortNumber{}}(LblfromInt{}(K0:SortInt{}))
    )
    [symbol-overload{}(LblfromNumber{}(), LblfromInt{}())]
  axiom{R}
    \equals{SortNumber{}, R}(
      Lblwide{}(inj{SortInt{}, SortNumber{}}(K0:SortInt{})),
      inj{SortInt{}, SortNumber{}}(Lblnarrow{}(K0:SortInt{}))
    )
    [symbol-overload{}(Lblwide{}(), Lblnarrow{}())]
  axiom{R}
    \equals{SortValue{}, R}(
      Lblwidest{}(inj{SortInt{}, SortValue{}}(K0:SortInt{})),
      inj{SortInt{}, SortValue{}}(Lblnarrow{}(K0:SortInt{}))
    )
    [symbol-overload{}(Lblwidest{}(), Lblnarrow{}())]
  axiom{R}
    \equals{SortValue{}, R}(
      Lblwidest{}(inj{SortNumber{}, SortValue{}}(K0:SortNumber{})),
      inj{SortNumber{}, SortValue{}}(Lblwide{}(K0:SortNumber{}))
    )
    [symbol-overload{}(Lblwidest{}(), Lblwide{}())]
endmodule []

// macros
