---
source: crates/k-rust/tests/outer_loader.rs
expression: error
---
SourceDiagnostics(
    [
        Diagnostic {
            severity: Error,
            code: InvalidBracketProduction,
            message: "bracket productions should have exactly one non-terminal of the same sort as the production.",
            source: Some(
                "main.k",
            ),
            location: Some(
                Location {
                    start_line: 2,
                    start_column: 18,
                    end_line: 2,
                    end_column: 39,
                },
            ),
        },
    ],
)
