---
source: crates/k-rust/tests/outer_parser.rs
expression: parsed
---
SourceFile {
    source: "syntax_declarations.k",
    requires: [],
    modules: [
        Module {
            name: "SYNTAX",
            attributes: [],
            imports: [],
            sentences: [
                Syntax(
                    SyntaxDeclaration {
                        parameters: [
                            Sort {
                                name: "S",
                                parameters: [],
                            },
                        ],
                        sort: Sort {
                            name: "List",
                            parameters: [
                                Sort {
                                    name: "S",
                                    parameters: [],
                                },
                            ],
                        },
                        body: Sort(
                            [],
                        ),
                        span: Span {
                            start: Position {
                                offset: 16,
                                line: 2,
                                column: 3,
                            },
                            end: Position {
                                offset: 37,
                                line: 3,
                                column: 3,
                            },
                        },
                    },
                ),
                Syntax(
                    SyntaxDeclaration {
                        parameters: [],
                        sort: Sort {
                            name: "NonEmpty",
                            parameters: [],
                        },
                        body: Synonym {
                            old_sort: Sort {
                                name: "List",
                                parameters: [],
                            },
                            attributes: [],
                        },
                        span: Span {
                            start: Position {
                                offset: 37,
                                line: 3,
                                column: 3,
                            },
                            end: Position {
                                offset: 62,
                                line: 4,
                                column: 3,
                            },
                        },
                    },
                ),
                Syntax(
                    SyntaxDeclaration {
                        parameters: [],
                        sort: Sort {
                            name: "Id",
                            parameters: [],
                        },
                        body: Productions(
                            [
                                PriorityBlock {
                                    associativity: Unspecified,
                                    productions: [
                                        Production {
                                            items: [
                                                Regex(
                                                    "[a-zA-Z][a-zA-Z0-9]*",
                                                ),
                                            ],
                                            attributes: [
                                                Attribute {
                                                    key: "token",
                                                    value: None,
                                                },
                                            ],
                                            span: Span {
                                                start: Position {
                                                    offset: 76,
                                                    line: 4,
                                                    column: 17,
                                                },
                                                end: Position {
                                                    offset: 107,
                                                    line: 4,
                                                    column: 48,
                                                },
                                            },
                                        },
                                    ],
                                    span: Span {
                                        start: Position {
                                            offset: 76,
                                            line: 4,
                                            column: 17,
                                        },
                                        end: Position {
                                            offset: 110,
                                            line: 5,
                                            column: 3,
                                        },
                                    },
                                },
                            ],
                        ),
                        span: Span {
                            start: Position {
                                offset: 62,
                                line: 4,
                                column: 3,
                            },
                            end: Position {
                                offset: 110,
                                line: 5,
                                column: 3,
                            },
                        },
                    },
                ),
                Syntax(
                    SyntaxDeclaration {
                        parameters: [],
                        sort: Sort {
                            name: "Exps",
                            parameters: [],
                        },
                        body: Productions(
                            [
                                PriorityBlock {
                                    associativity: Unspecified,
                                    productions: [
                                        Production {
                                            items: [
                                                UserList {
                                                    sort: Sort {
                                                        name: "Exp",
                                                        parameters: [],
                                                    },
                                                    separator: ",",
                                                    non_empty: false,
                                                },
                                            ],
                                            attributes: [
                                                Attribute {
                                                    key: "klabel",
                                                    value: Some(
                                                        "exps",
                                                    ),
                                                },
                                            ],
                                            span: Span {
                                                start: Position {
                                                    offset: 126,
                                                    line: 5,
                                                    column: 19,
                                                },
                                                end: Position {
                                                    offset: 155,
                                                    line: 5,
                                                    column: 48,
                                                },
                                            },
                                        },
                                    ],
                                    span: Span {
                                        start: Position {
                                            offset: 126,
                                            line: 5,
                                            column: 19,
                                        },
                                        end: Position {
                                            offset: 158,
                                            line: 6,
                                            column: 3,
                                        },
                                    },
                                },
                            ],
                        ),
                        span: Span {
                            start: Position {
                                offset: 110,
                                line: 5,
                                column: 3,
                            },
                            end: Position {
                                offset: 158,
                                line: 6,
                                column: 3,
                            },
                        },
                    },
                ),
                Syntax(
                    SyntaxDeclaration {
                        parameters: [],
                        sort: Sort {
                            name: "Exp",
                            parameters: [],
                        },
                        body: Productions(
                            [
                                PriorityBlock {
                                    associativity: Left,
                                    productions: [
                                        Production {
                                            items: [
                                                NonTerminal {
                                                    name: None,
                                                    sort: Sort {
                                                        name: "Exp",
                                                        parameters: [],
                                                    },
                                                },
                                                Terminal(
                                                    "+",
                                                ),
                                                NonTerminal {
                                                    name: None,
                                                    sort: Sort {
                                                        name: "Exp",
                                                        parameters: [],
                                                    },
                                                },
                                            ],
                                            attributes: [
                                                Attribute {
                                                    key: "left",
                                                    value: None,
                                                },
                                                Attribute {
                                                    key: "klabel",
                                                    value: Some(
                                                        "_+_",
                                                    ),
                                                },
                                            ],
                                            span: Span {
                                                start: Position {
                                                    offset: 179,
                                                    line: 6,
                                                    column: 24,
                                                },
                                                end: Position {
                                                    offset: 210,
                                                    line: 6,
                                                    column: 55,
                                                },
                                            },
                                        },
                                        Production {
                                            items: [
                                                NonTerminal {
                                                    name: Some(
                                                        "name",
                                                    ),
                                                    sort: Sort {
                                                        name: "Id",
                                                        parameters: [],
                                                    },
                                                },
                                            ],
                                            attributes: [],
                                            span: Span {
                                                start: Position {
                                                    offset: 228,
                                                    line: 7,
                                                    column: 18,
                                                },
                                                end: Position {
                                                    offset: 235,
                                                    line: 7,
                                                    column: 25,
                                                },
                                            },
                                        },
                                    ],
                                    span: Span {
                                        start: Position {
                                            offset: 173,
                                            line: 6,
                                            column: 18,
                                        },
                                        end: Position {
                                            offset: 251,
                                            line: 8,
                                            column: 16,
                                        },
                                    },
                                },
                                PriorityBlock {
                                    associativity: Unspecified,
                                    productions: [
                                        Production {
                                            items: [
                                                Terminal(
                                                    "(",
                                                ),
                                                NonTerminal {
                                                    name: None,
                                                    sort: Sort {
                                                        name: "Exp",
                                                        parameters: [],
                                                    },
                                                },
                                                Terminal(
                                                    ")",
                                                ),
                                            ],
                                            attributes: [
                                                Attribute {
                                                    key: "bracket",
                                                    value: None,
                                                },
                                            ],
                                            span: Span {
                                                start: Position {
                                                    offset: 253,
                                                    line: 8,
                                                    column: 18,
                                                },
                                                end: Position {
                                                    offset: 274,
                                                    line: 8,
                                                    column: 39,
                                                },
                                            },
                                        },
                                    ],
                                    span: Span {
                                        start: Position {
                                            offset: 253,
                                            line: 8,
                                            column: 18,
                                        },
                                        end: Position {
                                            offset: 277,
                                            line: 9,
                                            column: 3,
                                        },
                                    },
                                },
                            ],
                        ),
                        span: Span {
                            start: Position {
                                offset: 158,
                                line: 6,
                                column: 3,
                            },
                            end: Position {
                                offset: 277,
                                line: 9,
                                column: 3,
                            },
                        },
                    },
                ),
                Priority(
                    SyntaxPriority {
                        groups: [
                            [
                                "_*_",
                            ],
                            [
                                "_+_",
                                "_-_",
                            ],
                        ],
                        span: Span {
                            start: Position {
                                offset: 277,
                                line: 9,
                                column: 3,
                            },
                            end: Position {
                                offset: 309,
                                line: 10,
                                column: 3,
                            },
                        },
                    },
                ),
                Associativity(
                    SyntaxAssociativity {
                        associativity: Left,
                        tags: [
                            "_+_",
                            "_-_",
                        ],
                        span: Span {
                            start: Position {
                                offset: 309,
                                line: 10,
                                column: 3,
                            },
                            end: Position {
                                offset: 331,
                                line: 11,
                                column: 3,
                            },
                        },
                    },
                ),
                Lexical(
                    SyntaxLexical {
                        name: "Identifier",
                        regex: "[a-z]+",
                        attributes: [
                            Attribute {
                                key: "prec",
                                value: Some(
                                    "1",
                                ),
                            },
                        ],
                        span: Span {
                            start: Position {
                                offset: 331,
                                line: 11,
                                column: 3,
                            },
                            end: Position {
                                offset: 379,
                                line: 12,
                                column: 1,
                            },
                        },
                    },
                ),
            ],
            span: Span {
                start: Position {
                    offset: 0,
                    line: 1,
                    column: 1,
                },
                end: Position {
                    offset: 388,
                    line: 12,
                    column: 10,
                },
            },
        },
    ],
}
