---
source: crates/k-rust/tests/outer_loader.rs
description: "main.k:\n\nrequires \"missing.k\"\n\nRequired sources:\n\n{}\n\nMain module: MAIN"
---
ResolveRequire {
    source: "main.k",
    required: "missing.k",
    span: Span {
        start: Position {
            offset: 0,
            line: 1,
            column: 1,
        },
        end: Position {
            offset: 20,
            line: 1,
            column: 21,
        },
    },
    message: "missing.k was not found",
}
