---
source: crates/k-rust/tests/sort_injections.rs
description: "K definition:\n\nmodule MAIN\n  syntax Id ::= r\"[a-z]\" [token]\n  syntax Exp ::= Id\n\n  rule X:Exp => {X}:>Exp\nendmodule\n"
---
[
    InjectionSummary {
        injected: "#SemanticCastToExp(X)=>`project:Exp`(inj{Exp,KItem}(#SemanticCastToExp(X)))",
        kore: "\\rewrites{SortExp{}}(\n  Lbl'Hash'SemanticCastToExp{}(VarX:SortExp{}),\n  Lblproject'Coln'Exp{}(\n    kseq{}(inj{SortExp{}, SortKItem{}}(Lbl'Hash'SemanticCastToExp{}(VarX:SortExp{})), dotk{}())\n  )\n)",
    },
]
