---
source: crates/k-rust-kore/src/kore/printer.rs
expression: output
---
String: [Text("\"a\"")]
Variable: [Text("X:"), Text("SortS"), GroupStart, Text("{"), NestStart(2), Line(""), Text("T"), NestEnd(2), Line(""), Text("}"), GroupEnd]
Application: [Text("f"), GroupStart, Text("{"), NestStart(2), Line(""), Text("SortS"), GroupStart, Text("{"), NestStart(2), Line(""), Text("T"), NestEnd(2), Line(""), Text("}"), GroupEnd, NestEnd(2), Line(""), Text("}"), GroupEnd, GroupStart, Text("("), NestStart(2), Line(""), Text("\"a\""), Text(","), Line(" "), Text("\"a\""), NestEnd(2), Line(""), Text(")"), GroupEnd]
Top: [Text("\\top{"), Text("SortS"), GroupStart, Text("{"), NestStart(2), Line(""), Text("T"), NestEnd(2), Line(""), Text("}"), GroupEnd, Text("}()")]
Bottom: [Text("\\bottom{"), Text("SortS"), GroupStart, Text("{"), NestStart(2), Line(""), Text("T"), NestEnd(2), Line(""), Text("}"), GroupEnd, Text("}()")]
And: [GroupStart, Text("\\and{"), Text("SortS"), GroupStart, Text("{"), NestStart(2), Line(""), Text("T"), NestEnd(2), Line(""), Text("}"), GroupEnd, Text("}"), GroupStart, Text("("), NestStart(2), Line(""), Text("\"a\""), Text(","), Line(" "), Text("\"a\""), NestEnd(2), Line(""), Text(")"), GroupEnd, GroupEnd]
Or: [GroupStart, Text("\\or{"), Text("SortS"), GroupStart, Text("{"), NestStart(2), Line(""), Text("T"), NestEnd(2), Line(""), Text("}"), GroupEnd, Text("}"), GroupStart, Text("("), NestStart(2), Line(""), Text("\"a\""), Text(","), Line(" "), Text("\"a\""), NestEnd(2), Line(""), Text(")"), GroupEnd, GroupEnd]
Not: [GroupStart, Text("\\not{"), Text("SortS"), GroupStart, Text("{"), NestStart(2), Line(""), Text("T"), NestEnd(2), Line(""), Text("}"), GroupEnd, Text("}"), GroupStart, Text("("), NestStart(2), Line(""), Text("\"a\""), NestEnd(2), Line(""), Text(")"), GroupEnd, GroupEnd]
Next: [GroupStart, Text("\\next{"), Text("SortS"), GroupStart, Text("{"), NestStart(2), Line(""), Text("T"), NestEnd(2), Line(""), Text("}"), GroupEnd, Text("}"), GroupStart, Text("("), NestStart(2), Line(""), Text("\"a\""), NestEnd(2), Line(""), Text(")"), GroupEnd, GroupEnd]
Implies: [GroupStart, Text("\\implies{"), Text("SortS"), GroupStart, Text("{"), NestStart(2), Line(""), Text("T"), NestEnd(2), Line(""), Text("}"), GroupEnd, Text("}"), GroupStart, Text("("), NestStart(2), Line(""), Text("\"a\""), Text(","), Line(" "), Text("\"a\""), NestEnd(2), Line(""), Text(")"), GroupEnd, GroupEnd]
Iff: [GroupStart, Text("\\iff{"), Text("SortS"), GroupStart, Text("{"), NestStart(2), Line(""), Text("T"), NestEnd(2), Line(""), Text("}"), GroupEnd, Text("}"), GroupStart, Text("("), NestStart(2), Line(""), Text("\"a\""), Text(","), Line(" "), Text("\"a\""), NestEnd(2), Line(""), Text(")"), GroupEnd, GroupEnd]
Rewrites: [GroupStart, Text("\\rewrites{"), Text("SortS"), GroupStart, Text("{"), NestStart(2), Line(""), Text("T"), NestEnd(2), Line(""), Text("}"), GroupEnd, Text("}"), GroupStart, Text("("), NestStart(2), Line(""), Text("\"a\""), Text(","), Line(" "), Text("\"a\""), NestEnd(2), Line(""), Text(")"), GroupEnd, GroupEnd]
Exists: [GroupStart, Text("\\exists{"), Text("SortS"), GroupStart, Text("{"), NestStart(2), Line(""), Text("T"), NestEnd(2), Line(""), Text("}"), GroupEnd, Text("}"), GroupStart, Text("("), NestStart(2), Line(""), Text("X:"), Text("SortS"), GroupStart, Text("{"), NestStart(2), Line(""), Text("T"), NestEnd(2), Line(""), Text("}"), GroupEnd, Text(","), Line(" "), Text("\"a\""), NestEnd(2), Line(""), Text(")"), GroupEnd, GroupEnd]
Forall: [GroupStart, Text("\\forall{"), Text("SortS"), GroupStart, Text("{"), NestStart(2), Line(""), Text("T"), NestEnd(2), Line(""), Text("}"), GroupEnd, Text("}"), GroupStart, Text("("), NestStart(2), Line(""), Text("X:"), Text("SortS"), GroupStart, Text("{"), NestStart(2), Line(""), Text("T"), NestEnd(2), Line(""), Text("}"), GroupEnd, Text(","), Line(" "), Text("\"a\""), NestEnd(2), Line(""), Text(")"), GroupEnd, GroupEnd]
Mu: [GroupStart, Text("\\mu{}"), GroupStart, Text("("), NestStart(2), Line(""), Text("@X:"), Text("SortS"), GroupStart, Text("{"), NestStart(2), Line(""), Text("T"), NestEnd(2), Line(""), Text("}"), GroupEnd, Text(","), Line(" "), Text("\"a\""), NestEnd(2), Line(""), Text(")"), GroupEnd, GroupEnd]
Nu: [GroupStart, Text("\\nu{}"), GroupStart, Text("("), NestStart(2), Line(""), Text("@X:"), Text("SortS"), GroupStart, Text("{"), NestStart(2), Line(""), Text("T"), NestEnd(2), Line(""), Text("}"), GroupEnd, Text(","), Line(" "), Text("\"a\""), NestEnd(2), Line(""), Text(")"), GroupEnd, GroupEnd]
Ceil: [GroupStart, Text("\\ceil"), GroupStart, Text("{"), NestStart(2), Line(""), Text("SortS"), GroupStart, Text("{"), NestStart(2), Line(""), Text("T"), NestEnd(2), Line(""), Text("}"), GroupEnd, Text(","), Line(" "), Text("SortS"), GroupStart, Text("{"), NestStart(2), Line(""), Text("T"), NestEnd(2), Line(""), Text("}"), GroupEnd, NestEnd(2), Line(""), Text("}"), GroupEnd, GroupStart, Text("("), NestStart(2), Line(""), Text("\"a\""), NestEnd(2), Line(""), Text(")"), GroupEnd, GroupEnd]
Floor: [GroupStart, Text("\\floor"), GroupStart, Text("{"), NestStart(2), Line(""), Text("SortS"), GroupStart, Text("{"), NestStart(2), Line(""), Text("T"), NestEnd(2), Line(""), Text("}"), GroupEnd, Text(","), Line(" "), Text("SortS"), GroupStart, Text("{"), NestStart(2), Line(""), Text("T"), NestEnd(2), Line(""), Text("}"), GroupEnd, NestEnd(2), Line(""), Text("}"), GroupEnd, GroupStart, Text("("), NestStart(2), Line(""), Text("\"a\""), NestEnd(2), Line(""), Text(")"), GroupEnd, GroupEnd]
Equals: [GroupStart, Text("\\equals"), GroupStart, Text("{"), NestStart(2), Line(""), Text("SortS"), GroupStart, Text("{"), NestStart(2), Line(""), Text("T"), NestEnd(2), Line(""), Text("}"), GroupEnd, Text(","), Line(" "), Text("SortS"), GroupStart, Text("{"), NestStart(2), Line(""), Text("T"), NestEnd(2), Line(""), Text("}"), GroupEnd, NestEnd(2), Line(""), Text("}"), GroupEnd, GroupStart, Text("("), NestStart(2), Line(""), Text("\"a\""), Text(","), Line(" "), Text("\"a\""), NestEnd(2), Line(""), Text(")"), GroupEnd, GroupEnd]
In: [GroupStart, Text("\\in"), GroupStart, Text("{"), NestStart(2), Line(""), Text("SortS"), GroupStart, Text("{"), NestStart(2), Line(""), Text("T"), NestEnd(2), Line(""), Text("}"), GroupEnd, Text(","), Line(" "), Text("SortS"), GroupStart, Text("{"), NestStart(2), Line(""), Text("T"), NestEnd(2), Line(""), Text("}"), GroupEnd, NestEnd(2), Line(""), Text("}"), GroupEnd, GroupStart, Text("("), NestStart(2), Line(""), Text("\"a\""), Text(","), Line(" "), Text("\"a\""), NestEnd(2), Line(""), Text(")"), GroupEnd, GroupEnd]
DomainValue: [Text("\\dv{"), Text("SortS"), GroupStart, Text("{"), NestStart(2), Line(""), Text("T"), NestEnd(2), Line(""), Text("}"), GroupEnd, Text("}(\"a\")")]
AssociativeApplication: [GroupStart, Text("\\left-assoc{}("), Text("f"), GroupStart, Text("{"), NestStart(2), Line(""), Text("SortS"), GroupStart, Text("{"), NestStart(2), Line(""), Text("T"), NestEnd(2), Line(""), Text("}"), GroupEnd, NestEnd(2), Line(""), Text("}"), GroupEnd, GroupStart, Text("("), NestStart(2), Line(""), Text("\"a\""), Text(","), Line(" "), Text("\"a\""), NestEnd(2), Line(""), Text(")"), GroupEnd, Text(")"), GroupEnd]
AssociativeApplication: [GroupStart, Text("\\right-assoc{}("), Text("f"), GroupStart, Text("{"), NestStart(2), Line(""), Text("SortS"), GroupStart, Text("{"), NestStart(2), Line(""), Text("T"), NestEnd(2), Line(""), Text("}"), GroupEnd, NestEnd(2), Line(""), Text("}"), GroupEnd, GroupStart, Text("("), NestStart(2), Line(""), Text("\"a\""), Text(","), Line(" "), Text("\"a\""), NestEnd(2), Line(""), Text(")"), GroupEnd, Text(")"), GroupEnd]
SortVariable: [Text("T")]
SortApplication: [Text("SortS"), GroupStart, Text("{"), NestStart(2), Line(""), Text("T"), NestEnd(2), Line(""), Text("}"), GroupEnd]
Symbol: [Text("f"), GroupStart, Text("{"), NestStart(2), Line(""), Text("SortS"), GroupStart, Text("{"), NestStart(2), Line(""), Text("T"), NestEnd(2), Line(""), Text("}"), GroupEnd, NestEnd(2), Line(""), Text("}"), GroupEnd]
VariableRoot: [Text("X:"), Text("SortS"), GroupStart, Text("{"), NestStart(2), Line(""), Text("T"), NestEnd(2), Line(""), Text("}"), GroupEnd]
